------------------------------------------------------------
TimeQuest Timing Analyzer Summary
------------------------------------------------------------

Type  : Slow 1200mV 85C Model Setup 'Clk'
Slack : -3.423
TNS   : -85.716

Type  : Slow 1200mV 85C Model Hold 'Clk'
Slack : 0.401
TNS   : 0.000

Type  : Slow 1200mV 85C Model Recovery 'Clk'
Slack : -1.383
TNS   : -1.383

Type  : Slow 1200mV 85C Model Removal 'Clk'
Slack : 1.748
TNS   : 0.000

Type  : Slow 1200mV 85C Model Minimum Pulse Width 'Clk'
Slack : -3.000
TNS   : -100.660

Type  : Slow 1200mV 0C Model Setup 'Clk'
Slack : -3.053
TNS   : -72.352

Type  : Slow 1200mV 0C Model Hold 'Clk'
Slack : 0.353
TNS   : 0.000

Type  : Slow 1200mV 0C Model Recovery 'Clk'
Slack : -1.148
TNS   : -1.148

Type  : Slow 1200mV 0C Model Removal 'Clk'
Slack : 1.574
TNS   : 0.000

Type  : Slow 1200mV 0C Model Minimum Pulse Width 'Clk'
Slack : -3.000
TNS   : -100.660

Type  : Fast 1200mV 0C Model Setup 'Clk'
Slack : -1.177
TNS   : -18.711

Type  : Fast 1200mV 0C Model Hold 'Clk'
Slack : 0.181
TNS   : 0.000

Type  : Fast 1200mV 0C Model Recovery 'Clk'
Slack : -0.192
TNS   : -0.192

Type  : Fast 1200mV 0C Model Removal 'Clk'
Slack : 0.868
TNS   : 0.000

Type  : Fast 1200mV 0C Model Minimum Pulse Width 'Clk'
Slack : -3.000
TNS   : -83.859

------------------------------------------------------------
