Restore Archived Project report for 8_bit_multiplier
Sun Sep 24 18:16:04 2017
Quartus II 64-Bit Version 15.0.0 Build 145 04/22/2015 SJ Web Edition


---------------------
; Table of Contents ;
---------------------
  1. Legal Notice
  2. Restore Archived Project Summary
  3. Restore Archived Project Messages
  4. Files Restored
  5. Files Not Restored



----------------
; Legal Notice ;
----------------
Copyright (C) 1991-2015 Altera Corporation. All rights reserved.
Your use of Altera Corporation's design tools, logic functions 
and other software and tools, and its AMPP partner logic 
functions, and any output files from any of the foregoing 
(including device programming or simulation files), and any 
associated documentation or information are expressly subject 
to the terms and conditions of the Altera Program License 
Subscription Agreement, the Altera Quartus II License Agreement,
the Altera MegaCore Function License Agreement, or other 
applicable license agreement, including, without limitation, 
that your use is for the sole purpose of programming logic 
devices manufactured by Altera and sold by Altera or its 
authorized distributors.  Please refer to the applicable 
agreement for further details.



+-------------------------------------------------------------------------+
; Restore Archived Project Summary                                        ;
+---------------------------------+---------------------------------------+
; Restore Archived Project Status ; Successful - Sun Sep 24 18:16:04 2017 ;
; Revision Name                   ; 8_bit_multiplier                      ;
; Top-level Entity Name           ; bit_multiplier_8                      ;
; Family                          ; Cyclone IV E                          ;
+---------------------------------+---------------------------------------+


+-----------------------------------+
; Restore Archived Project Messages ;
+-----------------------------------+
Info: Successfully restored 'C:/Users/timrc/Dropbox/Fall 2017/ECE 385/Stuff_FA17/8_bit_multiplier/8_bit_multiplier_tmp_archive.qar' into the 'C:/Users/timrc/Dropbox/Fall 2017/ECE 385/Stuff_FA17/bit_multiplier_8/' directory
Info: Generated report '8_bit_multiplier.restore.rpt'


+-------------------------------------------+
; Files Restored                            ;
+-------------------------------------------+
; File Name                                 ;
+-------------------------------------------+
; qar_info.json                             ;
; 8_bit_multiplier.qpf                      ;
; 8_bit_multiplier.qsf                      ;
; 8_bit_multiplier_description.txt          ;
; Control.sv                                ;
; Dreg.sv                                   ;
; HexDriver.sv                              ;
; Reg_8.sv                                  ;
; Synchronizers8.sv                         ;
; adder2.sv                                 ;
; adder4.sv                                 ;
; bit_multiplier_8.sv                       ;
; output_files/8_bit_multiplier.flow.rpt    ;
; output_files/8_bit_multiplier.map.rpt     ;
; output_files/8_bit_multiplier.map.summary ;
; ripple_adder.sv                           ;
; trash.sv                                  ;
; assignment_defaults.qdf                   ;
+-------------------------------------------+


+--------------------+
; Files Not Restored ;
+--------------------+
; File Name          ;
+--------------------+


